// Jest Snapshot v1, https://goo.gl/fbAQLP

exports[`MovieThumb Component  MovieThumb render 1`] = `ShallowWrapper {}`;
