// Jest Snapshot v1, https://goo.gl/fbAQLP

exports[`MovieInfo Component  MovieInfo render 1`] = `ShallowWrapper {}`;
