// Jest Snapshot v1, https://goo.gl/fbAQLP

exports[`Spinner Component  Spinner render 1`] = `ShallowWrapper {}`;
