// Jest Snapshot v1, https://goo.gl/fbAQLP

exports[`App Component  Component rendered 1`] = `ShallowWrapper {}`;
