// Jest Snapshot v1, https://goo.gl/fbAQLP

exports[`Home Component  Component rendered 1`] = `ShallowWrapper {}`;
