// Jest Snapshot v1, https://goo.gl/fbAQLP

exports[`Movie Component  Component rendered 1`] = `ShallowWrapper {}`;
