// Jest Snapshot v1, https://goo.gl/fbAQLP

exports[`NotFound Component  Component rendered 1`] = `ShallowWrapper {}`;
