// Jest Snapshot v1, https://goo.gl/fbAQLP

exports[`Navigation Component  Navigation render 1`] = `ShallowWrapper {}`;
