// Jest Snapshot v1, https://goo.gl/fbAQLP

exports[`Actor Component  Component render 1`] = `ShallowWrapper {}`;
