// Jest Snapshot v1, https://goo.gl/fbAQLP

exports[`Grid Component  Component render 1`] = `ShallowWrapper {}`;
